2026-01-24 11:48:40.700657 - Test executed
